0	0	/projects/reverse-image-search/evaluation/confusion/data/household/train/breaker_box/eYzj9hty1Q4-0025.jpg
1	0	/projects/reverse-image-search/evaluation/confusion/data/household/train/breaker_box/eYzj9hty1Q4-0024.jpg
2	0	/projects/reverse-image-search/evaluation/confusion/data/household/train/breaker_box/eYzj9hty1Q4-0021.jpg
3	0	/projects/reverse-image-search/evaluation/confusion/data/household/train/breaker_box/eYzj9hty1Q4-0017.jpg
4	0	/projects/reverse-image-search/evaluation/confusion/data/household/train/breaker_box/eYzj9hty1Q4-0078.jpg
5	0	/projects/reverse-image-search/evaluation/confusion/data/household/train/breaker_box/eYzj9hty1Q4-0036.jpg
6	0	/projects/reverse-image-search/evaluation/confusion/data/household/train/breaker_box/eYzj9hty1Q4-0055.jpg
7	0	/projects/reverse-image-search/evaluation/confusion/data/household/train/breaker_box/eYzj9hty1Q4-0008.jpg
8	1	/projects/reverse-image-search/evaluation/confusion/data/household/train/sump_pump/YJ4d-nOf7cI-0086.jpg
9	1	/projects/reverse-image-search/evaluation/confusion/data/household/train/sump_pump/YJ4d-nOf7cI-0120.jpg
10	1	/projects/reverse-image-search/evaluation/confusion/data/household/train/sump_pump/YJ4d-nOf7cI-0119.jpg
11	1	/projects/reverse-image-search/evaluation/confusion/data/household/train/sump_pump/YJ4d-nOf7cI-0135.jpg
12	1	/projects/reverse-image-search/evaluation/confusion/data/household/train/sump_pump/YJ4d-nOf7cI-0010.jpg
13	1	/projects/reverse-image-search/evaluation/confusion/data/household/train/sump_pump/YJ4d-nOf7cI-0033.jpg
14	1	/projects/reverse-image-search/evaluation/confusion/data/household/train/sump_pump/YJ4d-nOf7cI-0016.jpg
15	1	/projects/reverse-image-search/evaluation/confusion/data/household/train/sump_pump/YJ4d-nOf7cI-0044.jpg
16	2	/projects/reverse-image-search/evaluation/confusion/data/household/train/washer/0_1xQLGeGl8-0121.jpg
17	2	/projects/reverse-image-search/evaluation/confusion/data/household/train/washer/0_1xQLGeGl8-0094.jpg
18	2	/projects/reverse-image-search/evaluation/confusion/data/household/train/washer/0_1xQLGeGl8-0106.jpg
19	2	/projects/reverse-image-search/evaluation/confusion/data/household/train/washer/0_1xQLGeGl8-0120.jpg
20	2	/projects/reverse-image-search/evaluation/confusion/data/household/train/washer/0_1xQLGeGl8-0001.jpg
21	2	/projects/reverse-image-search/evaluation/confusion/data/household/train/washer/0_1xQLGeGl8-0103.jpg
22	2	/projects/reverse-image-search/evaluation/confusion/data/household/train/washer/0_1xQLGeGl8-0157.jpg
23	2	/projects/reverse-image-search/evaluation/confusion/data/household/train/washer/0_1xQLGeGl8-0029.jpg
