0	0	/data/household/train/breaker_box/frames-1-0068.jpg
1	0	/data/household/train/breaker_box/frames-1-0067.jpg
2	0	/data/household/train/breaker_box/frames-1-0045.jpg
3	0	/data/household/train/breaker_box/frames-1-0005.jpg
4	0	/data/household/train/breaker_box/frames-1-0001.jpg
5	0	/data/household/train/breaker_box/frames-1-0035.jpg
6	0	/data/household/train/breaker_box/frames-1-0053.jpg
7	0	/data/household/train/breaker_box/frames-1-0054.jpg
8	1	/data/household/train/sump_pump/frames-1-0375.jpg
9	1	/data/household/train/sump_pump/frames-1-0222.jpg
10	1	/data/household/train/sump_pump/frames-1-0324.jpg
11	1	/data/household/train/sump_pump/frames-1-0061.jpg
12	1	/data/household/train/sump_pump/frames-1-0021.jpg
13	1	/data/household/train/sump_pump/frames-1-0319.jpg
14	1	/data/household/train/sump_pump/frames-1-0036.jpg
15	1	/data/household/train/sump_pump/frames-1-0214.jpg
16	2	/data/household/train/washer/frames-1-0129.jpg
17	2	/data/household/train/washer/frames-1-0120.jpg
18	2	/data/household/train/washer/frames-1-0112.jpg
19	2	/data/household/train/washer/frames-1-0113.jpg
20	2	/data/household/train/washer/frames-1-0036.jpg
21	2	/data/household/train/washer/frames-1-0136.jpg
22	2	/data/household/train/washer/frames-1-0125.jpg
23	2	/data/household/train/washer/frames-1-0065.jpg
